
Memory Configuration

Name             Origin             Length             Attributes
ram              0x00008000         0x00018000
*default*        0x00000000         0xffffffff

Linker script and memory map

LOAD build/boot.o
LOAD build/main.o
LOAD build/gpio.o
LOAD build/uart.o
LOAD build/system_timer.o
LOAD build/morse.o

.text           0x00008000      0x6c0
 *(.text*)
 .text          0x00008000        0xc build/boot.o
                0x00008000                _start
 .text          0x0000800c       0x64 build/main.o
                0x0000800c                blink_once
                0x00008044                blink_code
 .text.startup  0x00008070       0x5c build/main.o
                0x00008070                main
 .text          0x000080cc       0x4c build/gpio.o
                0x000080cc                convert_pin_to_gpio
                0x000080ec                convert_gpio_to_pin
                0x00008110                mmio_write
 .text          0x00008118      0x2e4 build/uart.o
                0x00008118                wait_for_tx_slot
                0x00008130                wait_for_uart_idle
                0x00008148                wait_for_rx_slot
                0x00008160                wait_for_rx_has_char
                0x00008178                delay
                0x000081ac                init_uart
                0x00008280                get_char
                0x000082b4                put_char
                0x000082e4                put_string
                0x00008340                get_string
 .text          0x000083fc      0x1a8 build/system_timer.o
                0x000083fc                timer_delay_us
                0x0000842c                timer_delay_ms
                0x00008460                timer_delay_sec
                0x00008498                timer_one_unit
                0x000084d8                timer_three_unit
                0x0000851c                end_of_char
                0x00008560                end_of_word
 .text          0x000085a4      0x11c build/morse.o
                0x000085a4                morse_translate
                0x000085c8                dit
                0x000085f8                dah
                0x00008628                blink
                0x00008684                lower_string
                0x00008688                translate

.glue_7         0x000086c0        0x0
 .glue_7        0x00000000        0x0 linker stubs

.glue_7t        0x000086c0        0x0
 .glue_7t       0x00000000        0x0 linker stubs

.vfp11_veneer   0x000086c0        0x0
 .vfp11_veneer  0x00000000        0x0 linker stubs

.v4_bx          0x000086c0        0x0
 .v4_bx         0x00000000        0x0 linker stubs

.iplt           0x000086c0        0x0
 .iplt          0x00000000        0x0 build/boot.o

.bss            0x000086c0        0x0
 *(.bss*)
 .bss           0x000086c0        0x0 build/boot.o
 .bss           0x000086c0        0x0 build/main.o
 .bss           0x000086c0        0x0 build/gpio.o
 .bss           0x000086c0        0x0 build/uart.o
 .bss           0x000086c0        0x0 build/system_timer.o
 .bss           0x000086c0        0x0 build/morse.o

.rodata         0x000086c0      0x280
 *(.rodata*)
 .rodata.str1.4
                0x000086c0       0x2f build/main.o
                                 0x30 (size before relaxing)
 .rodata.str1.4
                0x00000000        0x4 build/uart.o
 *fill*         0x000086ef        0x1 
 .rodata        0x000086f0      0x16c build/morse.o
 .rodata.str1.4
                0x0000885c       0xe4 build/morse.o
                                 0xec (size before relaxing)

.rel.dyn        0x00008940        0x0
 .rel.iplt      0x00000000        0x0 build/boot.o

.data           0x00008940       0x48
 *(.data*)
 .data          0x00008940        0x0 build/boot.o
 .data          0x00008940        0x0 build/main.o
 .data          0x00008940       0x44 build/gpio.o
                0x00008940                pin_to_gpio_array
                0x00008968                gpio_to_pin_array
 .data          0x00008984        0x0 build/uart.o
 .data          0x00008984        0x4 build/system_timer.o
                0x00008984                time_unit
 .data          0x00008988        0x0 build/morse.o
OUTPUT(build/output.elf elf32-littlearm)

.igot.plt       0x00008988        0x0
 .igot.plt      0x00000000        0x0 build/boot.o

.ARM.attributes
                0x00000000       0x33
 .ARM.attributes
                0x00000000       0x14 build/boot.o
 .ARM.attributes
                0x00000014       0x37 build/main.o
 .ARM.attributes
                0x0000004b       0x37 build/gpio.o
 .ARM.attributes
                0x00000082       0x37 build/uart.o
 .ARM.attributes
                0x000000b9       0x37 build/system_timer.o
 .ARM.attributes
                0x000000f0       0x37 build/morse.o

.comment        0x00000000       0x11
 .comment       0x00000000       0x11 build/main.o
                                 0x12 (size before relaxing)
 .comment       0x00000000       0x12 build/gpio.o
 .comment       0x00000000       0x12 build/uart.o
 .comment       0x00000000       0x12 build/system_timer.o
 .comment       0x00000000       0x12 build/morse.o
